// Jest Snapshot v1, https://goo.gl/fbAQLP

exports[`ExpandableBranch renders and matches snapshot 1`] = `
<DocumentFragment>
  <div
    class="m-schedule-diagram__expander"
  >
    <h3
      aria-controls="panel-null"
      aria-expanded="false"
      class="c-expandable-block__header"
      id="header-null"
      role="button"
      tabindex="0"
    >
      <div
        class="c-expandable-block__header-text"
      >
        <div
          class="m-schedule-diagram__expander-header"
        >
          <div
            style="width: 38px;"
          >
            <svg
              class="line-diagram-svg__toggle bus"
              height="100%"
              width="38"
            >
              <g
                transform="translate(15, 1)"
              >
                <rect
                  height="42"
                  rx="8"
                  width="16"
                />
                <circle
                  cx="8"
                  cy="11"
                  r="4"
                />
                <circle
                  cx="8"
                  cy="21"
                  r="4"
                />
                <circle
                  cx="8"
                  cy="31"
                  r="4"
                />
              </g>
            </svg>
          </div>
          <button
            class="btn btn-link m-schedule-diagram__toggle"
            type="button"
          >
            4 stops
          </button>
        </div>
        <span
          class="fa c-expandable-block__header-caret"
        >
          ï„‡
        </span>
      </div>
    </h3>
    <noscript />
  </div>
</DocumentFragment>
`;
