// Jest Snapshot v1, https://goo.gl/fbAQLP

exports[`StopListWithBranches renders and matches snapshot 1`] = `
<DocumentFragment>
  <ol>
    <li
      class="m-schedule-diagram__stop"
      style="padding-left: 36px;"
    >
      <section
        class="m-schedule-diagram__content"
      >
        <div
          class="u-bold u-small-caps"
        >
          Destination Line
        </div>
        <header
          class="m-schedule-diagram__stop-heading"
        >
          <h4
            class="m-schedule-diagram__stop-link notranslate"
          >
            <a
              href="/stops/tree-destination"
            >
              <span>
                Destination
              </span>
            </a>
          </h4>
          <div
            class="m-schedule-diagram__features"
          />
        </header>
        <div
          class="m-schedule-diagram__stop-details"
        >
          <div
            class="m-schedule-diagram__connections"
          />
        </div>
        <footer
          class="m-schedule-diagram__footer"
        >
          <button
            class="btn btn-link"
            type="button"
          >
            View schedule
          </button>
        </footer>
      </section>
    </li>
    <li
      class="m-schedule-diagram__stop"
      style="padding-left: 36px;"
    >
      <section
        class="m-schedule-diagram__content"
      >
        <header
          class="m-schedule-diagram__stop-heading"
        >
          <h4
            class="m-schedule-diagram__stop-link notranslate"
          >
            <a
              href="/stops/tree-stopC"
            >
              <span>
                Stop C
              </span>
            </a>
          </h4>
          <div
            class="m-schedule-diagram__features"
          />
        </header>
        <div
          class="m-schedule-diagram__stop-details"
        >
          <div
            class="m-schedule-diagram__connections"
          />
        </div>
        <footer
          class="m-schedule-diagram__footer"
        >
          <button
            class="btn btn-link"
            type="button"
          >
            View schedule
          </button>
        </footer>
      </section>
    </li>
    <li
      class="m-schedule-diagram__stop"
      style="padding-left: 36px;"
    >
      <section
        class="m-schedule-diagram__content"
      >
        <header
          class="m-schedule-diagram__stop-heading"
        >
          <h4
            class="m-schedule-diagram__stop-link notranslate"
          >
            <a
              href="/stops/tree-stopB"
            >
              <span>
                Stop B
              </span>
            </a>
          </h4>
          <div
            class="m-schedule-diagram__features"
          />
        </header>
        <div
          class="m-schedule-diagram__stop-details"
        >
          <div
            class="m-schedule-diagram__connections"
          />
        </div>
        <footer
          class="m-schedule-diagram__footer"
        >
          <button
            class="btn btn-link"
            type="button"
          >
            View schedule
          </button>
        </footer>
      </section>
    </li>
    <li
      class="m-schedule-diagram__stop"
      style="padding-left: 36px;"
    >
      <section
        class="m-schedule-diagram__content"
      >
        <header
          class="m-schedule-diagram__stop-heading"
        >
          <h4
            class="m-schedule-diagram__stop-link notranslate"
          >
            <a
              href="/stops/tree-stopA"
            >
              <span>
                Stop A
              </span>
            </a>
          </h4>
          <div
            class="m-schedule-diagram__features"
          />
        </header>
        <div
          class="m-schedule-diagram__stop-details"
        >
          <div
            class="m-schedule-diagram__connections"
          />
        </div>
        <footer
          class="m-schedule-diagram__footer"
        >
          <button
            class="btn btn-link"
            type="button"
          >
            View schedule
          </button>
        </footer>
      </section>
    </li>
    <li
      class="m-schedule-diagram__stop"
      style="padding-left: 52px;"
    >
      <section
        class="m-schedule-diagram__content"
      >
        <div
          class="u-bold u-small-caps"
        >
          Twig Destination Line
        </div>
        <header
          class="m-schedule-diagram__stop-heading"
        >
          <h4
            class="m-schedule-diagram__stop-link notranslate"
          >
            <a
              href="/stops/tree-twig-destination"
            >
              <span>
                Twig Destination
              </span>
            </a>
          </h4>
          <div
            class="m-schedule-diagram__features"
          />
        </header>
        <div
          class="m-schedule-diagram__stop-details"
        >
          <div
            class="m-schedule-diagram__connections"
          />
        </div>
        <footer
          class="m-schedule-diagram__footer"
        >
          <button
            class="btn btn-link"
            type="button"
          >
            View schedule
          </button>
        </footer>
      </section>
    </li>
    <li>
      <ol
        data-testid="branch"
      >
        <li
          class="m-schedule-diagram__stop"
          style="padding-left: 52px;"
        >
          <section
            class="m-schedule-diagram__content"
          >
            <header
              class="m-schedule-diagram__stop-heading"
            >
              <h4
                class="m-schedule-diagram__stop-link notranslate"
              >
                <a
                  href="/stops/tree-twig-stop"
                >
                  <span>
                    Twig Stop
                  </span>
                </a>
              </h4>
              <div
                class="m-schedule-diagram__features"
              />
            </header>
            <div
              class="m-schedule-diagram__stop-details"
            >
              <div
                class="m-schedule-diagram__connections"
              />
            </div>
            <footer
              class="m-schedule-diagram__footer"
            >
              <button
                class="btn btn-link"
                type="button"
              >
                View schedule
              </button>
            </footer>
          </section>
        </li>
      </ol>
    </li>
    <li
      class="m-schedule-diagram__stop"
      style="padding-left: 68px;"
    >
      <section
        class="m-schedule-diagram__content"
      >
        <div
          class="u-bold u-small-caps"
        >
          Branch Destination Line
        </div>
        <header
          class="m-schedule-diagram__stop-heading"
        >
          <h4
            class="m-schedule-diagram__stop-link notranslate"
          >
            <a
              href="/stops/tree-branch-destination"
            >
              <span>
                Branch Destination
              </span>
            </a>
          </h4>
          <div
            class="m-schedule-diagram__features"
          />
        </header>
        <div
          class="m-schedule-diagram__stop-details"
        >
          <div
            class="m-schedule-diagram__connections"
          />
        </div>
        <footer
          class="m-schedule-diagram__footer"
        >
          <button
            class="btn btn-link"
            type="button"
          >
            View schedule
          </button>
        </footer>
      </section>
    </li>
    <li>
      <div
        class="m-schedule-diagram__expander"
      >
        <h3
          aria-controls="panel-TreeBranch"
          aria-expanded="false"
          class="c-expandable-block__header"
          id="header-TreeBranch"
          role="button"
          tabindex="0"
        >
          <div
            class="c-expandable-block__header-text"
          >
            <div
              class="m-schedule-diagram__expander-header"
            >
              <div
                style="width: 54px;"
              >
                <svg
                  class="line-diagram-svg__toggle commuter-rail"
                  height="100%"
                  width="54"
                >
                  <g
                    transform="translate(31, 1)"
                  >
                    <rect
                      height="42"
                      rx="8"
                      width="16"
                    />
                    <circle
                      cx="8"
                      cy="11"
                      r="4"
                    />
                    <circle
                      cx="8"
                      cy="21"
                      r="4"
                    />
                    <circle
                      cx="8"
                      cy="31"
                      r="4"
                    />
                  </g>
                </svg>
              </div>
              <button
                class="btn btn-link m-schedule-diagram__toggle"
                type="button"
              >
                3 stops
              </button>
            </div>
            <span
              class="fa c-expandable-block__header-caret"
            >
              ï„‡
            </span>
          </div>
        </h3>
        <noscript />
      </div>
    </li>
    <li
      class="m-schedule-diagram__stop"
      style="padding-left: 36px;"
    >
      <section
        class="m-schedule-diagram__content"
      >
        <header
          class="m-schedule-diagram__stop-heading"
        >
          <h4
            class="m-schedule-diagram__stop-link notranslate"
          >
            <a
              href="/stops/tree-stop1"
            >
              <span>
                Stop 1
              </span>
            </a>
          </h4>
          <div
            class="m-schedule-diagram__features"
          />
        </header>
        <div
          class="m-schedule-diagram__stop-details"
        >
          <div
            class="m-schedule-diagram__connections"
          />
        </div>
        <footer
          class="m-schedule-diagram__footer"
        >
          <button
            class="btn btn-link"
            type="button"
          >
            View schedule
          </button>
        </footer>
      </section>
    </li>
    <li
      class="m-schedule-diagram__stop"
      style="padding-left: 36px;"
    >
      <section
        class="m-schedule-diagram__content"
      >
        <header
          class="m-schedule-diagram__stop-heading"
        >
          <h4
            class="m-schedule-diagram__stop-link notranslate"
          >
            <a
              href="/stops/tree-stop0"
            >
              <span>
                Stop 0
              </span>
            </a>
          </h4>
          <div
            class="m-schedule-diagram__features"
          />
        </header>
        <div
          class="m-schedule-diagram__stop-details"
        >
          <div
            class="m-schedule-diagram__connections"
          />
        </div>
        <footer
          class="m-schedule-diagram__footer"
        >
          <button
            class="btn btn-link"
            type="button"
          >
            View schedule
          </button>
        </footer>
      </section>
    </li>
    <li
      class="m-schedule-diagram__stop"
      style="padding-left: 36px;"
    >
      <section
        class="m-schedule-diagram__content"
      >
        <header
          class="m-schedule-diagram__stop-heading"
        >
          <h4
            class="m-schedule-diagram__stop-link notranslate"
          >
            <a
              href="/stops/tree-origin"
            >
              <span>
                Origin
              </span>
            </a>
          </h4>
          <div
            class="m-schedule-diagram__features"
          />
        </header>
        <div
          class="m-schedule-diagram__stop-details"
        >
          <div
            class="m-schedule-diagram__connections"
          />
        </div>
        <footer
          class="m-schedule-diagram__footer"
        >
          <button
            class="btn btn-link"
            type="button"
          >
            View schedule
          </button>
        </footer>
      </section>
    </li>
  </ol>
</DocumentFragment>
`;
