// Jest Snapshot v1, https://goo.gl/fbAQLP

exports[`Stop component renders and matches snapshot 1`] = `
<DocumentFragment>
  <svg>
    <circle
      class="line-diagram-svg__stop"
      cx="13px"
      cy="7px"
      data-shuttle="false"
      r="4px"
    />
  </svg>
</DocumentFragment>
`;
